// Jest Snapshot v1, https://goo.gl/fbAQLP

exports[`generates a distribution 1`] = `
Array [
  52.95,
  52.85,
  52.75,
  54.15,
  57.05,
  52.95,
  52.85,
  52.75,
  54.15,
  57.05,
  52.95,
  52.85,
  52.75,
  54.15,
  57.05,
  52.95,
  52.85,
  52.75,
  54.15,
  57.05,
  52.95,
  52.85,
  52.75,
  54.15,
  57.05,
]
`;
